// Jest Snapshot v1, https://goo.gl/fbAQLP

exports[`Card specs should match snapshot 1`] = `
<div
  className="col-xs-12 col-sm-6 col-md-4 card"
>
  <div
    className="box card__box"
  >
    <div
      className="cardHeader"
    >
      <img
        alt="FLATSCREEN ZUM EINZUG Moderne, frisch sanierte 3"
        className="cardHeader__img"
        src="https://d3e02gns9oqhhr.cloudfront.net/assets/expose_v2/573c7c608ffd7c0b2a8b45b6_variant_asset57ffa0ced86b1_inventoryM.jpg"
      />
      <span
        className="cardHeader__tag"
      >
        mieten
      </span>
    </div>
    <div
      className="cardTitle"
    >
      FLATSCREEN ZUM EINZUG Moderne, frisch sanierte 3
    </div>
    <div
      className="cardText"
    >
      Im Bonnefeld 7, 47259 Duisburg
    </div>
    <div
      className="cardFooter"
    >
      <div
        className="cardFooter__item--left auto-right-margin"
      >
        <span
          className="cardFooter__item__text cardFooter__item__text--bold "
        >
           
          374
           
          â‚¬
        </span>
      </div>
      <div
        className="cardFooter__item--right"
      >
        <span
          className="cardFooter__item__text  cardFooter__item__text--separated"
        >
           
          3
           
          Zimmer
        </span>
        <span
          className="cardFooter__item__text  cardFooter__item__text--separated"
        >
          ab
           
          79
           
          <span>
            m
            <span
              className="align-super font-10"
            >
              2
            </span>
          </span>
        </span>
      </div>
    </div>
  </div>
</div>
`;
