// Jest Snapshot v1, https://goo.gl/fbAQLP

exports[`CardTitle specs should match snapshot 1`] = `
<div
  className="cardTitle"
>
  card title
</div>
`;
