// Jest Snapshot v1, https://goo.gl/fbAQLP

exports[`Loader specs should match snapshot 1`] = `
<div
  className="loader"
/>
`;
