// Jest Snapshot v1, https://goo.gl/fbAQLP

exports[`CardList specs should match snapshot 1`] = `
<div
  className="row center-xs between-md cardList"
>
  <div
    className="col-xs-12 col-sm-6 col-md-4 card"
  >
    <div
      className="box card__box"
    >
      <div
        className="cardHeader"
      >
        <img
          alt="FLATSCREEN ZUM EINZUG Moderne, frisch sanierte 3"
          className="cardHeader__img"
          src="https://d3e02gns9oqhhr.cloudfront.net/assets/expose_v2/573c7c608ffd7c0b2a8b45b6_variant_asset57ffa0ced86b1_inventoryM.jpg"
        />
        <span
          className="cardHeader__tag"
        >
          mieten
        </span>
      </div>
      <div
        className="cardTitle"
      >
        FLATSCREEN ZUM EINZUG Moderne, frisch sanierte 3
      </div>
      <div
        className="cardText"
      >
        Im Bonnefeld 7, 47259 Duisburg
      </div>
      <div
        className="cardFooter"
      >
        <div
          className="cardFooter__item cardFooter__item--bold"
        >
          374
           
          â‚¬
        </div>
        <div
          className="cardFooter__item cardFooter__item--separated cardFooter__item--light"
        >
          <span>
            3
             
            Zimmer
          </span>
          <span>
            79
             
            
          </span>
        </div>
      </div>
    </div>
  </div>
</div>
`;
