// Jest Snapshot v1, https://goo.gl/fbAQLP

exports[`test advertisements should render advertisements container 1`] = `
<PageContainer
  loaded={false}
>
  <div
    className="row center-xs between-md"
  >
    <Card
      footer={
        Object {
          "items": Array [
            Object {
              "name": "price",
              "options": Object {
                "bold": true,
              },
              "postLabel": "â‚¬",
              "value": "374",
            },
            Object {
              "name": "rooms",
              "options": Object {
                "right": true,
                "seperated": true,
              },
              "postLabel": "Zimmer",
              "value": 3,
            },
            Object {
              "name": "space",
              "options": Object {
                "right": true,
                "seperated": true,
              },
              "postLabel": <span>
                m
                <span
                  className="align-super font-10"
                >
                  2
                </span>
              </span>,
              "preLabel": "ab",
              "value": 79,
            },
          ],
        }
      }
      header={
        Object {
          "alt": "FLATSCREEN ZUM EINZUG Moderne, frisch sanierte 3",
          "tag": "mieten",
          "thumb": "https://d3e02gns9oqhhr.cloudfront.net/assets/expose_v2/573c7c608ffd7c0b2a8b45b6_variant_asset57ffa0ced86b1_inventoryM.jpg",
        }
      }
      key="573c7c608ffd7c0b2a8b45b6"
      text={
        Object {
          "text": "Im Bonnefeld 7, 47259 Duisburg",
        }
      }
      title={
        Object {
          "title": "FLATSCREEN ZUM EINZUG Moderne, frisch sanierte 3",
        }
      }
    />
  </div>
</PageContainer>
`;
